<eobs>
 <ADMIN_RECTYPE record_type="ADM">
  <ADM_0001_TEXT>2301EOBS</ADM_0001_TEXT> 
 </ADMIN_RECTYPE>
 <TLR-REC-TYPE record_type="TLR">
  <TLR_0001_TEXT>TOTAL EOBS GENERATED:</TLR_0001_TEXT> 
  <TLR_0001_COUNT>0000001</TLR_0001_COUNT> 
  <FILLER>000000000000010000018</FILLER> 
  </TLR-REC-TYPE>
</eobs>=