<?xml version="1.0" encoding="UTF-8"?>
<Invoic96A>
   <UNB>
      <segmentType>UNB</segmentType>
   </UNB>
   <UNH>
      <segmentType>UNH</segmentType>
      <DE0062>1</DE0062>
      <S009>
         <S009>
            <DE0065>INVOIC</DE0065>
            <DE0052>D</DE0052>
            <DE0054>96A</DE0054>
            <DE0051>UN</DE0051>
            <DE0057>EAN008</DE0057>
         </S009>
      </S009>
      <DE0068/>
   </UNH>
   <BGM>
      <segmentType>BGM</segmentType>
      <C002>
         <C002>
            <DE1001>381</DE1001>
            <DE1131/>
            <DE3055/>
            <DE1000/>
         </C002>
      </C002>
      <DE1004>1000322</DE1004>
      <DE1225>9</DE1225>
      <DE4343/>
   </BGM>
   <DTM>
      <segmentType>DTM</segmentType>
      <C507>
         <C507>
            <DE2005>137</DE2005>
            <DE2380>20080130</DE2380>
            <DE2379>102</DE2379>
         </C507>
      </C507>
   </DTM>
   <NAD>
      <segmentType>NAD</segmentType>
      <DE3035>SU</DE3035>
      <C080>
         <C080>
            <DE3036-1>COMPANY XXXX</DE3036-1>
            <DE3036-2/>
            <DE3036-3/>
            <DE3036-4/>
            <DE3036-5/>
            <DE3045/>
         </C080>
      </C080>
      <C059>
         <C059>
            <DE3042-1>VIA ROMA, 1</DE3042-1>
            <DE3042-2/>
            <DE3042-3/>
            <DE3042-4/>
         </C059>
      </C059>
      <DE3164>GENOVA</DE3164>
      <DE3229>GE</DE3229>
      <DE3251>16163</DE3251>
      <DE3207>IT</DE3207>
   </NAD>
   <RFF>
      <segmentType>RFF</segmentType>
      <C506>
         <C506>
            <DE1153>VA</DE1153>
            <DE1154>05577790207</DE1154>
            <DE1156/>
            <DE4000/>
         </C506>
      </C506>
   </RFF>
   <CUX>
      <segmentType>CUX</segmentType>
      <C504>
         <C504>
            <DE6347>2</DE6347>
            <DE6345>EUR</DE6345>
            <DE6343>4</DE6343>
            <DE6348/>
         </C504>
         <C504>
            <DE6347>3</DE6347>
            <DE6345/>
            <DE6343/>
            <DE6348/>
         </C504>
      </C504>
      <DE5402/>
      <DE6341/>
   </CUX>
   <PAT>
      <segmentType>PAT</segmentType>
      <DE4279>10E</DE4279>
      <C110>
         <C110>
            <DE4277>ZZZ</DE4277>
            <DE1131/>
            <DE3055/>
            <DE4276-1>BONIFICO BANCARIO 90 GG D.F.</DE4276-1>
            <DE4276-2/>
         </C110>
      </C110>
      <C112>
         <C112>
            <DE2475>5</DE2475>
            <DE2009>1</DE2009>
            <DE2151>D</DE2151>
            <DE2152>090</DE2152>
         </C112>
      </C112>
   </PAT>
   <DTM>
      <segmentType>DTM</segmentType>
      <C507>
         <C507>
            <DE2005>13</DE2005>
            <DE2380>20080430</DE2380>
            <DE2379>102</DE2379>
         </C507>
      </C507>
   </DTM>
   <LIN>
      <segmentType>LIN</segmentType>
      <DE1082>1</DE1082>
      <DE1229>L02</DE1229>
      <C212>
         <C212>
            <DE7140>8026495011408</DE7140>
            <DE7143>EN</DE7143>
            <DE1131/>
            <DE3055/>
         </C212>
      </C212>
      <DE1222/>
      <DE7083/>
   </LIN>
   <IMD>
      <segmentType>IMD</segmentType>
      <DE7077>B</DE7077>
      <DE7081/>
      <C273>
         <C273>
            <DE7009>TU</DE7009>
            <DE1131/>
            <DE3055/>
            <DE7008-1>BAGUETTE PREC. GR.280 40PZ</DE7008-1>
            <DE7008-2/>
            <DE3435/>
         </C273>
      </C273>
      <DE7383/>
   </IMD>
   <QTY>
      <segmentType>QTY</segmentType>
      <C186>
         <C186>
            <DE6063>47</DE6063>
            <DE6060>5.000</DE6060>
            <DE6411>PCE</DE6411>
         </C186>
      </C186>
   </QTY>
   <QTY>
      <segmentType>QTY</segmentType>
      <C186>
         <C186>
            <DE6063>59</DE6063>
            <DE6060>40.000</DE6060>
            <DE6411>PCE</DE6411>
         </C186>
      </C186>
   </QTY>
   <MOA>
      <segmentType>MOA</segmentType>
      <C516>
         <C516>
            <DE5025>203</DE5025>
            <DE5004>54.130</DE5004>
            <DE6345>EUR</DE6345>
            <DE6343>4</DE6343>
            <DE4405/>
         </C516>
      </C516>
   </MOA>
   <PRI>
      <segmentType>PRI</segmentType>
      <C509>
         <C509>
            <DE5125>AAA</DE5125>
            <DE5118>10.830</DE5118>
            <DE5375/>
            <DE5387/>
            <DE5284/>
            <DE6411>PCE</DE6411>
         </C509>
      </C509>
      <DE5213/>
   </PRI>
   <UNS>
      <segmentType>UNS</segmentType>
      <DE0081>S</DE0081>
   </UNS>
   <MOA>
      <segmentType>MOA</segmentType>
      <C516>
         <C516>
            <DE5025>125</DE5025>
            <DE5004>54.130</DE5004>
            <DE6345/>
            <DE6343/>
            <DE4405/>
         </C516>
      </C516>
   </MOA>
   <UNT>
      <segmentType>UNT</segmentType>
      <DE0074>46</DE0074>
      <DE0062>1</DE0062>
   </UNT>
   <UNZ>
      <segmentType>UNZ</segmentType>
      <F0036>1</F0036>
      <F0020>04000020</F0020>
   </UNZ>
</Invoic96A>